Search and list the available python installations

Usage: maturin[EXE] list-python [OPTIONS]

Options:
      --target <TARGET>  
  -h, --help             Print help
